  Page 1                                    Thu Aug 13 20:33:52 2026

  ******************************************************************
  *                           E P A N E T                          *
  *                   Hydraulic and Water Quality                  *
  *                   Analysis for Pipe Networks                   *
  *                          Version 2.3.05                        *
  ******************************************************************
  
  Analysis begun Thu Aug 13 20:33:52 2026

  WARNING: IMX flow rate outside valid range (0.5-80 L/s) at cross-junction J1 at 0:15:00 hrs.
  WARNING: IMX flow ratio outside valid range (0.5-40) at cross-junction J1 at 0:15:00 hrs.
  WARNING: IMX flow rate outside valid range (0.5-80 L/s) at cross-junction J1 at 0:15:00 hrs.
  WARNING: IMX flow ratio outside valid range (0.5-40) at cross-junction J1 at 0:15:00 hrs.
  WARNING: IMX flow rate outside valid range (0.5-80 L/s) at cross-junction J1 at 0:15:00 hrs.
  WARNING: IMX flow ratio outside valid range (0.5-40) at cross-junction J1 at 0:15:00 hrs.
  WARNING: IMX flow rate outside valid range (0.5-80 L/s) at cross-junction J1 at 0:30:00 hrs.
  WARNING: IMX flow ratio outside valid range (0.5-40) at cross-junction J1 at 0:30:00 hrs.
  WARNING: IMX flow rate outside valid range (0.5-80 L/s) at cross-junction J1 at 0:30:00 hrs.
  WARNING: IMX flow ratio outside valid range (0.5-40) at cross-junction J1 at 0:30:00 hrs.
  WARNING: IMX flow rate outside valid range (0.5-80 L/s) at cross-junction J1 at 0:30:00 hrs.
  WARNING: IMX flow ratio outside valid range (0.5-40) at cross-junction J1 at 0:30:00 hrs.
  WARNING: IMX flow rate outside valid range (0.5-80 L/s) at cross-junction J1 at 0:45:00 hrs.
  WARNING: IMX flow ratio outside valid range (0.5-40) at cross-junction J1 at 0:45:00 hrs.
  WARNING: IMX flow rate outside valid range (0.5-80 L/s) at cross-junction J1 at 0:45:00 hrs.
  WARNING: IMX flow ratio outside valid range (0.5-40) at cross-junction J1 at 0:45:00 hrs.
  WARNING: IMX flow rate outside valid range (0.5-80 L/s) at cross-junction J1 at 0:45:00 hrs.
  WARNING: IMX flow ratio outside valid range (0.5-40) at cross-junction J1 at 0:45:00 hrs.
  WARNING: IMX flow rate outside valid range (0.5-80 L/s) at cross-junction J1 at 1:00:00 hrs.
  WARNING: IMX flow ratio outside valid range (0.5-40) at cross-junction J1 at 1:00:00 hrs.
  WARNING: IMX flow rate outside valid range (0.5-80 L/s) at cross-junction J1 at 1:00:00 hrs.
  WARNING: IMX flow ratio outside valid range (0.5-40) at cross-junction J1 at 1:00:00 hrs.
  WARNING: IMX flow rate outside valid range (0.5-80 L/s) at cross-junction J1 at 1:00:00 hrs.
  WARNING: IMX flow ratio outside valid range (0.5-40) at cross-junction J1 at 1:00:00 hrs.
  WARNING: IMX flow rate outside valid range (0.5-80 L/s) at cross-junction J1 at 1:15:00 hrs.
  WARNING: IMX flow ratio outside valid range (0.5-40) at cross-junction J1 at 1:15:00 hrs.
  WARNING: IMX flow rate outside valid range (0.5-80 L/s) at cross-junction J1 at 1:15:00 hrs.
  WARNING: IMX flow ratio outside valid range (0.5-40) at cross-junction J1 at 1:15:00 hrs.
  WARNING: IMX flow rate outside valid range (0.5-80 L/s) at cross-junction J1 at 1:15:00 hrs.
  WARNING: IMX flow ratio outside valid range (0.5-40) at cross-junction J1 at 1:15:00 hrs.
  WARNING: IMX flow rate outside valid range (0.5-80 L/s) at cross-junction J1 at 1:30:00 hrs.
  WARNING: IMX flow ratio outside valid range (0.5-40) at cross-junction J1 at 1:30:00 hrs.
  WARNING: IMX flow rate outside valid range (0.5-80 L/s) at cross-junction J1 at 1:30:00 hrs.
  WARNING: IMX flow ratio outside valid range (0.5-40) at cross-junction J1 at 1:30:00 hrs.
  WARNING: IMX flow rate outside valid range (0.5-80 L/s) at cross-junction J1 at 1:30:00 hrs.
  WARNING: IMX flow ratio outside valid range (0.5-40) at cross-junction J1 at 1:30:00 hrs.
  WARNING: IMX flow rate outside valid range (0.5-80 L/s) at cross-junction J1 at 1:45:00 hrs.
  WARNING: IMX flow ratio outside valid range (0.5-40) at cross-junction J1 at 1:45:00 hrs.
  WARNING: IMX flow rate outside valid range (0.5-80 L/s) at cross-junction J1 at 1:45:00 hrs.
  WARNING: IMX flow ratio outside valid range (0.5-40) at cross-junction J1 at 1:45:00 hrs.
  WARNING: IMX flow rate outside valid range (0.5-80 L/s) at cross-junction J1 at 1:45:00 hrs.
  WARNING: IMX flow ratio outside valid range (0.5-40) at cross-junction J1 at 1:45:00 hrs.
  WARNING: IMX flow rate outside valid range (0.5-80 L/s) at cross-junction J1 at 2:00:00 hrs.
  WARNING: IMX flow ratio outside valid range (0.5-40) at cross-junction J1 at 2:00:00 hrs.
  WARNING: IMX flow rate outside valid range (0.5-80 L/s) at cross-junction J1 at 2:00:00 hrs.
  WARNING: IMX flow ratio outside valid range (0.5-40) at cross-junction J1 at 2:00:00 hrs.
  WARNING: IMX flow rate outside valid range (0.5-80 L/s) at cross-junction J1 at 2:00:00 hrs.
  WARNING: IMX flow ratio outside valid range (0.5-40) at cross-junction J1 at 2:00:00 hrs.
  Analysis ended Thu Aug 13 20:33:53 2026
